
> obsidian-llm-wiki@0.1.109 test
> vitest run


 RUN  v1.6.1 /home/ikeniborn/Documents/Project/obsidian-llm-wiki

 ✓ tests/phases/format-utils.test.ts  (32 tests) 10ms
 ✓ tests/llm-utils.test.ts  (41 tests) 12ms
 ✓ tests/phases/parse-with-retry.test.ts  (10 tests) 9ms
 ✓ tests/claude-cli-client.test.ts  (20 tests) 14ms
 ✓ tests/phases/format.test.ts  (13 tests) 28ms
 ❯ tests/phases/ingest.test.ts  (16 tests | 1 failed) 20ms
   ❯ tests/phases/ingest.test.ts > runIngest > calls write on _index.md with annotation after page write
     → expected 'source text\nEntity: [[Entity]] Entit…' to contain 'Entity: описание сущности'
 ✓ tests/phases/init.force.test.ts  (11 tests) 41ms
 ✓ tests/phases/query.test.ts  (6 tests) 25ms
 ✓ tests/phases/query-thinking.test.ts  (2 tests) 25ms
 ✓ tests/phases/lint.test.ts  (14 tests) 61ms
 ✓ tests/phases/init.test.ts  (32 tests) 94ms
 ✓ tests/agent-runner.integration.test.ts  (9 tests) 28ms
 ✓ tests/wiki-index.test.ts  (16 tests) 18ms
 ✓ tests/stream.test.ts  (13 tests) 7ms
 ✓ tests/modals.test.ts  (15 tests) 8ms
 ✓ tests/phases/init-thinking.test.ts  (3 tests) 15ms
 ✓ tests/wiki-seeds.test.ts  (24 tests) 11ms
 ✓ tests/controller-format.test.ts  (11 tests) 32ms
 ✓ tests/controller-cache-invalidation.test.ts  (6 tests) 41ms
 ✓ tests/utils/raw-frontmatter.test.ts  (16 tests) 11ms
 ✓ tests/domain-store.test.ts  (8 tests) 15ms
 ✓ tests/main-migration.test.ts  (9 tests) 29ms
 ✓ tests/wiki-graph.test.ts  (18 tests) 8ms
 ❯ tests/phases/lint-chat.test.ts  (3 tests | 1 failed) 15ms
   ❯ tests/phases/lint-chat.test.ts > runLintFixChat > calls upsertIndexAnnotation for pages that have annotation
     → expected 'MyPage: [[MyPage]] MyPage.md | summar…' to contain 'MyPage: summary of MyPage'
 ✓ tests/proxy.test.ts  (21 tests) 86ms
 ✓ tests/phases/lint-thinking.test.ts  (1 test) 30ms
 ✓ tests/mobile-llm-wrap.test.ts  (3 tests) 12ms
 ✓ tests/vault-tools.test.ts  (9 tests) 29ms
 ✓ tests/local-config.test.ts  (7 tests) 8ms
 ✓ tests/main-mobile.test.ts  (7 tests) 21ms
stdout | tests/main-mobile.test.ts > onload — command registration gating > desktop: registers all commands
[ai-wiki] loaded

stdout | tests/main-mobile.test.ts > onload — command registration gating > mobile: registers only query/query-save/open-panel/cancel
[ai-wiki] loaded

 ✓ tests/apply-domain-event.test.ts  (9 tests) 20ms
 ✓ tests/controller-mobile.test.ts  (4 tests) 7ms
 ✓ tests/structural-error-counter.test.ts  (9 tests) 18ms
 ✓ tests/effective-settings.test.ts  (6 tests) 12ms
 ✓ tests/source-paths.test.ts  (8 tests) 7ms
 ✓ tests/collect-md-in-paths.test.ts  (6 tests) 4ms
 ✓ tests/phases/zod-schemas.test.ts  (11 tests) 13ms
 ✓ tests/mobile-fetch.test.ts  (4 tests) 51ms
 ✓ tests/wiki-graph-cache.test.ts  (9 tests) 12ms
 ✓ tests/no-fs-imports.test.ts  (5 tests) 12ms
 ✓ tests/ingest.test.ts  (7 tests) 5ms
 ✓ tests/format-migration.test.ts  (3 tests) 9ms
 ✓ tests/view-metrics.test.ts  (1 test) 3ms
 ✓ tests/init-args.test.ts  (7 tests) 5ms
 ✓ tests/zod-schemas.test.ts  (5 tests) 12ms
 ✓ tests/types.test.ts  (5 tests) 8ms
 ✓ tests/domain-store-migration.test.ts  (3 tests) 4ms
 ✓ tests/domain.test.ts  (7 tests) 5ms
 ✓ tests/controller-log-adapter.test.ts  (2 tests) 4ms
 ✓ tests/max-tokens-migration.test.ts  (5 tests) 5ms
 ✓ tests/evaluator.test.ts  (5 tests) 7ms
 ✓ tests/shell-consent.test.ts  (3 tests) 5ms
 ✓ tests/controller-build-fail.test.ts  (1 test) 7ms
 ✓ tests/phases/llm-utils.test.ts  (3 tests) 8ms
 ✓ tests/template.test.ts  (5 tests) 9ms
 ✓ tests/migration.test.ts  (5 tests) 3ms
 ✓ tests/prompts.test.ts  (1 test) 2ms
 ✓ tests/wiki-path.test.ts  (4 tests) 3ms
 ✓ tests/settings.test.ts  (4 tests) 3ms

⎯⎯⎯⎯⎯⎯⎯ Failed Tests 2 ⎯⎯⎯⎯⎯⎯⎯

 FAIL  tests/phases/ingest.test.ts > runIngest > calls write on _index.md with annotation after page write
AssertionError: expected 'source text\nEntity: [[Entity]] Entit…' to contain 'Entity: описание сущности'

- Expected
+ Received

- Entity: описание сущности
+ source text
+ Entity: [[Entity]] Entity.md | описание сущности

 ❯ tests/phases/ingest.test.ts:266:28
    264|     const indexWrite = writeCalls.find((c: [string, string]) => c[0].e…
    265|     expect(indexWrite).toBeDefined();
    266|     expect(indexWrite![1]).toContain("Entity: описание сущности");
       |                            ^
    267|   });
    268| 

⎯⎯⎯⎯⎯⎯⎯⎯⎯⎯⎯⎯⎯⎯⎯⎯⎯⎯⎯⎯⎯⎯⎯⎯[1/2]⎯

 FAIL  tests/phases/lint-chat.test.ts > runLintFixChat > calls upsertIndexAnnotation for pages that have annotation
AssertionError: expected 'MyPage: [[MyPage]] MyPage.md | summar…' to contain 'MyPage: summary of MyPage'

- Expected
+ Received

- MyPage: summary of MyPage
+ MyPage: [[MyPage]] MyPage.md | summary of MyPage

 ❯ tests/phases/lint-chat.test.ts:138:27
    136|     expect(indexCall).toBeDefined();
    137|     expect(indexCall![0]).toBe(`${wikiPath}/_index.md`);
    138|     expect(indexCall![1]).toContain("MyPage: summary of MyPage");
       |                           ^
    139|   });
    140| });

⎯⎯⎯⎯⎯⎯⎯⎯⎯⎯⎯⎯⎯⎯⎯⎯⎯⎯⎯⎯⎯⎯⎯⎯[2/2]⎯

 Test Files  2 failed | 57 passed (59)
      Tests  2 failed | 541 passed (543)
   Start at  07:57:12
   Duration  2.60s (transform 2.66s, setup 359ms, collect 9.28s, tests 1.03s, environment 22ms, prepare 10.16s)

